{"tactics":
 [{"usedConstants": [],
   "tactic": "exact hp",
   "proofState": 0,
   "pos": {"line": 2, "column": 2},
   "goals": "P : Prop\nhp : P\n‚ä¢ P",
   "endPos": {"line": 2, "column": 10}}],
 "env": 0}

{"proofStatus": "Completed", "proofState": 1, "goals": []}

