{"tactics":
 [{"usedConstants": ["instOfNatNat", "Nat", "OfNat.ofNat", "letFun"],
   "tactic": "have t := 37",
   "proofState": 0,
   "pos": {"line": 1, "column": 18},
   "goals": "⊢ Nat",
   "endPos": {"line": 1, "column": 30}},
  {"usedConstants": [],
   "tactic": "exact t",
   "proofState": 1,
   "pos": {"line": 1, "column": 32},
   "goals": "t : Nat ⊢ Nat",
   "endPos": {"line": 1, "column": 39}}],
 "env": 0}

