{"sorries":
 [{"proofState": 0,
   "pos": {"line": 1, "column": 36},
   "goal": "x : Int\n⊢ x = x",
   "endPos": {"line": 1, "column": 41}}],
 "messages":
 [{"severity": "warning",
   "pos": {"line": 1, "column": 8},
   "endPos": {"line": 1, "column": 11},
   "data": "declaration uses 'sorry'"}],
 "env": 0}

{"proofState": 1,
 "goals":
 ["case inl\nx : Int\nh : x < 0\n⊢ x = x",
  "case inr\nx : Int\nh : ¬x < 0\n⊢ x = x"]}

{"proofState": 2, "goals": ["case inr\nx : Int\nh : ¬x < 0\n⊢ x = x"]}

{"sorries":
 [{"proofState": 3, "goal": "case inl\nx : Int\nh : x < 0\n⊢ x = x"},
  {"proofState": 4, "goal": "case inr\nx : Int\nh : ¬x < 0\n⊢ x = x"}],
 "proofState": 5,
 "goals": []}

