{"env": 0,
 "conclusions":
 [{"pp": "1 + 1 = 2",
   "pos": {"line": 1, "column": 12},
   "endPos": {"line": 1, "column": 21}}]}

