{"types": ["∀ (p : Prop), p → p"]}

{"types": ["∀ (p : Prop), p → p"]}

{"types": ["∀ (p : Prop), p → p", "∀ (q : Prop), q → q"]}

