{"env": 0}

{"sorries":
 [{"proofState": 0,
   "pos": {"line": 1, "column": 18},
   "parentDecl": "f",
   "goals": ["⊢ Nat"],
   "endPos": {"line": 1, "column": 23}}],
 "messages":
 [{"severity": "warning",
   "pos": {"line": 1, "column": 4},
   "endPos": {"line": 1, "column": 5},
   "data": "declaration uses 'sorry'"}],
 "env": 1}

{"proofStatus": "Incomplete: open goals remain",
 "proofState": 1,
 "goals": ["⊢ Nat"]}

{"proofStatus": "Incomplete: open goals remain",
 "proofState": 2,
 "goals": ["⊢ Nat"]}

{"proofStatus": "Incomplete: open goals remain",
 "proofState": 3,
 "goals": ["t : Nat\n⊢ Nat"]}

{"proofStatus": "Incomplete: open goals remain",
 "proofState": 4,
 "goals": ["t : Nat\n⊢ Nat"]}

{"proofStatus": "Incomplete: open goals remain",
 "proofState": 5,
 "goals": ["t : Nat\n⊢ Nat"]}

{"proofStatus": "Completed", "proofState": 6, "goals": []}

