{"sorries":
 [{"proofState": 0,
   "pos": {"line": 1, "column": 29},
   "parentDecl": "f",
   "goals": ["x : Unit\n⊢ Nat"],
   "endPos": {"line": 1, "column": 34}}],
 "messages":
 [{"severity": "warning",
   "pos": {"line": 1, "column": 4},
   "endPos": {"line": 1, "column": 5},
   "data": "declaration uses 'sorry'"}],
 "env": 0}

{"proofStatus": "Incomplete: open goals remain",
 "proofState": 1,
 "goals": ["x : Unit\n⊢ Int"]}

{"proofStatus": "Completed", "proofState": 2, "goals": []}

