{"sorries":
 [{"proofState": 0,
   "pos": {"line": 1, "column": 20},
   "goal": "⊢ 1 = 1",
   "endPos": {"line": 1, "column": 25}}],
 "messages":
 [{"severity": "warning",
   "pos": {"line": 1, "column": 0},
   "endPos": {"line": 1, "column": 7},
   "data": "declaration uses 'sorry'"}]}

{"sorries":
 [{"proofState": 1,
   "pos": {"line": 1, "column": 20},
   "goal": "⊢ 1 = 1",
   "endPos": {"line": 1, "column": 25}}],
 "messages":
 [{"severity": "warning",
   "pos": {"line": 1, "column": 0},
   "endPos": {"line": 1, "column": 7},
   "data": "declaration uses 'sorry'"}],
 "env": 0}

{"sorries":
 [{"proofState": 2,
   "pos": {"line": 1, "column": 20},
   "goal": "⊢ 1 = 1",
   "endPos": {"line": 1, "column": 25}}],
 "messages":
 [{"severity": "warning",
   "pos": {"line": 1, "column": 0},
   "endPos": {"line": 1, "column": 7},
   "data": "declaration uses 'sorry'"}],
 "env": 1}

{"proofStatus": "Completed", "proofState": 3, "goals": []}

{"proofStatus": "Completed", "proofState": 4, "goals": []}

{"proofStatus": "Completed", "proofState": 5, "goals": []}

