{"sorries":
 [{"proofState": 0,
   "pos": {"line": 1, "column": 36},
   "goal": "x : Int\n⊢ x = x",
   "endPos": {"line": 1, "column": 41}}],
 "messages":
 [{"severity": "warning",
   "pos": {"line": 1, "column": 8},
   "endPos": {"line": 1, "column": 11},
   "data": "declaration uses 'sorry'"}],
 "env": 0}

{"sorries": [{"proofState": 1, "goal": "x : Int\n⊢ x = 1"}],
 "proofState": 2,
 "goals": ["x : Int\nh : x = 1\n⊢ x = x"]}

