{"env": 0}

{"sorries":
 [{"proofState": 0,
   "pos": {"line": 1, "column": 36},
   "parentDecl": "_example",
   "goals": ["x : Nat\n⊢ x + 1 > x"],
   "endPos": {"line": 1, "column": 41}}],
 "messages":
 [{"severity": "warning",
   "pos": {"line": 1, "column": 0},
   "endPos": {"line": 1, "column": 7},
   "data": "declaration uses 'sorry'"}],
 "env": 1}

{"proofStatus": "Incomplete: open goals remain",
 "proofState": 1,
 "goals":
 ["case zero\n⊢ 0 + 1 > 0",
  "case succ\nx : Nat\nhx : x + 1 > x\n⊢ x + 1 + 1 > x + 1"]}

