{"env": 0}

{"sorries":
 [{"proofState": 0,
   "pos": {"line": 2, "column": 20},
   "parentDecl": "mathd_numbertheory_739",
   "goals": ["‚ä¢ 9! % 10 = 0"],
   "endPos": {"line": 2, "column": 25}}],
 "messages":
 [{"severity": "warning",
   "pos": {"line": 1, "column": 8},
   "endPos": {"line": 1, "column": 30},
   "data": "declaration uses 'sorry'"}],
 "env": 1}

