{"env": 0}

{"sorries":
 [{"proofState": 0,
   "pos": {"line": 1, "column": 60},
   "goal": "x : ℝ\nh0 : |x| > 1\n⊢ x < 0 ∨ 2 * x > 2",
   "endPos": {"line": 1, "column": 65}}],
 "messages":
 [{"severity": "warning",
   "pos": {"line": 1, "column": 0},
   "endPos": {"line": 1, "column": 7},
   "data": "declaration uses 'sorry'"}],
 "env": 1}

{"sorries":
 [{"proofState": 1, "goal": "x : ℝ\nh0 : |x| > 1\n⊢ x = x"},
  {"proofState": 2, "goal": "x : ℝ\nh0 : |x| > 1\nh1 : x = x\n⊢ x = x"}],
 "proofState": 3,
 "goals":
 ["case pos\nx : ℝ\nh0 : |x| > 1\nh1 h2 : x = x\nh3 : x < 0\n⊢ x < 0 ∨ 2 * x > 2",
  "case neg\nx : ℝ\nh0 : |x| > 1\nh1 h2 : x = x\nh3 : ¬x < 0\n⊢ x < 0 ∨ 2 * x > 2"]}

