{"env": 0}

{"sorries":
 [{"proofState": 0,
   "pos": {"line": 4, "column": 14},
   "goal": "x : ℕ\nh : 2 * (2 * (2 * (2 * x))) = 48\n⊢ x = 3",
   "endPos": {"line": 4, "column": 19}}],
 "messages":
 [{"severity": "warning",
   "pos": {"line": 1, "column": 8},
   "endPos": {"line": 1, "column": 25},
   "data": "declaration uses 'sorry'"}],
 "env": 1}

{"proofState": 1, "goals": ["x : ℕ\nh : 2 * (2 * (2 * (2 * x))) = 48\n⊢ x = 3"]}

